mondarchive succeed.
2020-08-09-1506
b14cbd9ff62d21a2a36281852cd9dec7 sco03.deego-net.jp-w2-diff-1.iso
gdrive succeed.
